2026-07-01 08:00:00 ERROR Payment gateway timeout after 30000 ms (order ORD-10400)
2026-07-01 08:00:09 INFO  POST /api/orders 201 19 ms
2026-07-01 08:00:18 INFO  GET /api/products 200 26 ms
2026-07-01 08:00:27 INFO  GET /health 200 33 ms
2026-07-01 08:00:36 INFO  GET /api/orders 200 40 ms
2026-07-01 08:00:45 INFO  POST /api/orders 201 47 ms
2026-07-01 08:00:54 INFO  GET /api/products 200 54 ms
2026-07-01 08:01:03 INFO  GET /health 200 61 ms
2026-07-01 08:01:12 INFO  GET /api/orders 200 68 ms
2026-07-01 08:01:21 INFO  POST /api/orders 201 75 ms
2026-07-01 08:01:30 INFO  GET /api/products 200 82 ms
2026-07-01 08:01:39 INFO  GET /health 200 89 ms
2026-07-01 08:01:48 INFO  GET /api/orders 200 96 ms
2026-07-01 08:01:57 INFO  POST /api/orders 201 13 ms
2026-07-01 08:02:06 INFO  GET /api/products 200 20 ms
2026-07-01 08:02:15 INFO  GET /health 200 27 ms
2026-07-01 08:02:24 INFO  GET /api/orders 200 34 ms
2026-07-01 08:02:33 WARN  Slow query: GetOrders took 817 ms
2026-07-01 08:02:42 INFO  GET /api/products 200 48 ms
2026-07-01 08:02:51 INFO  GET /health 200 55 ms
2026-07-01 08:03:00 INFO  GET /api/orders 200 62 ms
2026-07-01 08:03:09 INFO  POST /api/orders 201 69 ms
2026-07-01 08:03:18 INFO  GET /api/products 200 76 ms
2026-07-01 08:03:27 INFO  GET /health 200 83 ms
2026-07-01 08:03:36 INFO  GET /api/orders 200 90 ms
2026-07-01 08:03:45 INFO  POST /api/orders 201 97 ms
2026-07-01 08:03:54 INFO  GET /api/products 200 14 ms
2026-07-01 08:04:03 INFO  GET /health 200 21 ms
2026-07-01 08:04:12 INFO  GET /api/orders 200 28 ms
2026-07-01 08:04:21 INFO  POST /api/orders 201 35 ms
2026-07-01 08:04:30 INFO  GET /api/products 200 42 ms
2026-07-01 08:04:39 INFO  GET /health 200 49 ms
2026-07-01 08:04:48 INFO  GET /api/orders 200 56 ms
2026-07-01 08:04:57 INFO  POST /api/orders 201 63 ms
2026-07-01 08:05:06 WARN  Slow query: GetOrders took 834 ms
2026-07-01 08:05:15 INFO  GET /health 200 77 ms
2026-07-01 08:05:24 INFO  GET /api/orders 200 84 ms
2026-07-01 08:05:33 INFO  POST /api/orders 201 91 ms
2026-07-01 08:05:42 INFO  GET /api/products 200 98 ms
2026-07-01 08:05:51 INFO  GET /health 200 15 ms
2026-07-01 08:06:00 INFO  GET /api/orders 200 22 ms
2026-07-01 08:06:09 INFO  POST /api/orders 201 29 ms
2026-07-01 08:06:18 INFO  GET /api/products 200 36 ms
2026-07-01 08:06:27 INFO  GET /health 200 43 ms
2026-07-01 08:06:36 INFO  GET /api/orders 200 50 ms
2026-07-01 08:06:45 INFO  POST /api/orders 201 57 ms
2026-07-01 08:06:54 INFO  GET /api/products 200 64 ms
2026-07-01 08:07:03 INFO  GET /health 200 71 ms
2026-07-01 08:07:12 INFO  GET /api/orders 200 78 ms
2026-07-01 08:07:21 INFO  POST /api/orders 201 85 ms
2026-07-01 08:07:30 INFO  GET /api/products 200 92 ms
2026-07-01 08:07:39 WARN  Slow query: GetOrders took 851 ms
2026-07-01 08:07:48 INFO  GET /api/orders 200 16 ms
2026-07-01 08:07:57 ERROR Payment gateway timeout after 30000 ms (order ORD-10453)
2026-07-01 08:08:06 INFO  GET /api/products 200 30 ms
2026-07-01 08:08:15 INFO  GET /health 200 37 ms
2026-07-01 08:08:24 INFO  GET /api/orders 200 44 ms
2026-07-01 08:08:33 INFO  POST /api/orders 201 51 ms
2026-07-01 08:08:42 INFO  GET /api/products 200 58 ms
2026-07-01 08:08:51 INFO  GET /health 200 65 ms
2026-07-01 08:09:00 INFO  GET /api/orders 200 72 ms
2026-07-01 08:09:09 INFO  POST /api/orders 201 79 ms
2026-07-01 08:09:18 INFO  GET /api/products 200 86 ms
2026-07-01 08:09:27 INFO  GET /health 200 93 ms
2026-07-01 08:09:36 INFO  GET /api/orders 200 100 ms
2026-07-01 08:09:45 INFO  POST /api/orders 201 17 ms
2026-07-01 08:09:54 INFO  GET /api/products 200 24 ms
2026-07-01 08:10:03 INFO  GET /health 200 31 ms
2026-07-01 08:10:12 WARN  Slow query: GetOrders took 868 ms
2026-07-01 08:10:21 INFO  POST /api/orders 201 45 ms
2026-07-01 08:10:30 INFO  GET /api/products 200 52 ms
2026-07-01 08:10:39 INFO  GET /health 200 59 ms
2026-07-01 08:10:48 INFO  GET /api/orders 200 66 ms
2026-07-01 08:10:57 INFO  POST /api/orders 201 73 ms
2026-07-01 08:11:06 INFO  GET /api/products 200 80 ms
2026-07-01 08:11:15 INFO  GET /health 200 87 ms
2026-07-01 08:11:24 INFO  GET /api/orders 200 94 ms
2026-07-01 08:11:33 INFO  POST /api/orders 201 101 ms
2026-07-01 08:11:42 INFO  GET /api/products 200 18 ms
2026-07-01 08:11:51 INFO  GET /health 200 25 ms
2026-07-01 08:12:00 INFO  GET /api/orders 200 32 ms
2026-07-01 08:12:09 INFO  POST /api/orders 201 39 ms
2026-07-01 08:12:18 INFO  GET /api/products 200 46 ms
2026-07-01 08:12:27 INFO  GET /health 200 53 ms
2026-07-01 08:12:36 INFO  GET /api/orders 200 60 ms
2026-07-01 08:12:45 WARN  Slow query: GetOrders took 885 ms
2026-07-01 08:12:54 INFO  GET /api/products 200 74 ms
2026-07-01 08:13:03 INFO  GET /health 200 81 ms
2026-07-01 08:13:12 INFO  GET /api/orders 200 88 ms
2026-07-01 08:13:21 INFO  POST /api/orders 201 95 ms
2026-07-01 08:13:30 INFO  GET /api/products 200 12 ms
2026-07-01 08:13:39 INFO  GET /health 200 19 ms
2026-07-01 08:13:48 INFO  GET /api/orders 200 26 ms
2026-07-01 08:13:57 INFO  POST /api/orders 201 33 ms
2026-07-01 08:14:06 INFO  GET /api/products 200 40 ms
2026-07-01 08:14:15 INFO  GET /health 200 47 ms
2026-07-01 08:14:24 INFO  GET /api/orders 200 54 ms
2026-07-01 08:14:33 INFO  POST /api/orders 201 61 ms
2026-07-01 08:14:42 INFO  GET /api/products 200 68 ms
2026-07-01 08:14:51 INFO  GET /health 200 75 ms
2026-07-01 08:15:00 INFO  GET /api/orders 200 82 ms
2026-07-01 08:15:09 INFO  POST /api/orders 201 89 ms
2026-07-01 08:15:18 WARN  Slow query: GetOrders took 902 ms
2026-07-01 08:15:27 INFO  GET /health 200 13 ms
2026-07-01 08:15:36 INFO  GET /api/orders 200 20 ms
2026-07-01 08:15:45 INFO  POST /api/orders 201 27 ms
2026-07-01 08:15:54 ERROR Payment gateway timeout after 30000 ms (order ORD-10506)
2026-07-01 08:16:03 INFO  GET /health 200 41 ms
2026-07-01 08:16:12 INFO  GET /api/orders 200 48 ms
2026-07-01 08:16:21 INFO  POST /api/orders 201 55 ms
2026-07-01 08:16:30 INFO  GET /api/products 200 62 ms
2026-07-01 08:16:39 INFO  GET /health 200 69 ms
2026-07-01 08:16:48 INFO  GET /api/orders 200 76 ms
2026-07-01 08:16:57 INFO  POST /api/orders 201 83 ms
2026-07-01 08:17:06 INFO  GET /api/products 200 90 ms
2026-07-01 08:17:15 INFO  GET /health 200 97 ms
2026-07-01 08:17:24 INFO  GET /api/orders 200 14 ms
2026-07-01 08:17:33 INFO  POST /api/orders 201 21 ms
2026-07-01 08:17:42 INFO  GET /api/products 200 28 ms
2026-07-01 08:17:51 WARN  Slow query: GetOrders took 919 ms
2026-07-01 08:18:00 INFO  GET /api/orders 200 42 ms
2026-07-01 08:18:09 INFO  POST /api/orders 201 49 ms
2026-07-01 08:18:18 INFO  GET /api/products 200 56 ms
2026-07-01 08:18:27 INFO  GET /health 200 63 ms
2026-07-01 08:18:36 INFO  GET /api/orders 200 70 ms
2026-07-01 08:18:45 INFO  POST /api/orders 201 77 ms
2026-07-01 08:18:54 INFO  GET /api/products 200 84 ms
2026-07-01 08:19:03 INFO  GET /health 200 91 ms
2026-07-01 08:19:12 INFO  GET /api/orders 200 98 ms
2026-07-01 08:19:21 INFO  POST /api/orders 201 15 ms
2026-07-01 08:19:30 INFO  GET /api/products 200 22 ms
2026-07-01 08:19:39 INFO  GET /health 200 29 ms
2026-07-01 08:19:48 INFO  GET /api/orders 200 36 ms
2026-07-01 08:19:57 INFO  POST /api/orders 201 43 ms
2026-07-01 08:20:06 INFO  GET /api/products 200 50 ms
2026-07-01 08:20:15 INFO  GET /health 200 57 ms
2026-07-01 08:20:24 WARN  Slow query: GetOrders took 936 ms
2026-07-01 08:20:33 INFO  POST /api/orders 201 71 ms
2026-07-01 08:20:42 INFO  GET /api/products 200 78 ms
2026-07-01 08:20:51 INFO  GET /health 200 85 ms
2026-07-01 08:21:00 INFO  GET /api/orders 200 92 ms
2026-07-01 08:21:09 INFO  POST /api/orders 201 99 ms
2026-07-01 08:21:18 INFO  GET /api/products 200 16 ms
2026-07-01 08:21:27 INFO  GET /health 200 23 ms
2026-07-01 08:21:36 INFO  GET /api/orders 200 30 ms
2026-07-01 08:21:45 INFO  POST /api/orders 201 37 ms
2026-07-01 08:21:54 INFO  GET /api/products 200 44 ms
2026-07-01 08:22:03 INFO  GET /health 200 51 ms
2026-07-01 08:22:12 INFO  GET /api/orders 200 58 ms
2026-07-01 08:22:21 INFO  POST /api/orders 201 65 ms
2026-07-01 08:22:30 INFO  GET /api/products 200 72 ms
2026-07-01 08:22:39 INFO  GET /health 200 79 ms
2026-07-01 08:22:48 INFO  GET /api/orders 200 86 ms
2026-07-01 08:22:57 WARN  Slow query: GetOrders took 953 ms
2026-07-01 08:23:06 INFO  GET /api/products 200 100 ms
2026-07-01 08:23:15 INFO  GET /health 200 17 ms
2026-07-01 08:23:24 INFO  GET /api/orders 200 24 ms
2026-07-01 08:23:33 INFO  POST /api/orders 201 31 ms
2026-07-01 08:23:42 INFO  GET /api/products 200 38 ms
2026-07-01 08:23:51 ERROR Payment gateway timeout after 30000 ms (order ORD-10559)
2026-07-01 08:24:00 INFO  GET /api/orders 200 52 ms
2026-07-01 08:24:09 INFO  POST /api/orders 201 59 ms
2026-07-01 08:24:18 INFO  GET /api/products 200 66 ms
2026-07-01 08:24:27 INFO  GET /health 200 73 ms
2026-07-01 08:24:36 INFO  GET /api/orders 200 80 ms
2026-07-01 08:24:45 INFO  POST /api/orders 201 87 ms
2026-07-01 08:24:54 INFO  GET /api/products 200 94 ms
2026-07-01 08:25:03 INFO  GET /health 200 101 ms
2026-07-01 08:25:12 INFO  GET /api/orders 200 18 ms
2026-07-01 08:25:21 INFO  POST /api/orders 201 25 ms
2026-07-01 08:25:30 WARN  Slow query: GetOrders took 970 ms
2026-07-01 08:25:39 INFO  GET /health 200 39 ms
2026-07-01 08:25:48 INFO  GET /api/orders 200 46 ms
2026-07-01 08:25:57 INFO  POST /api/orders 201 53 ms
2026-07-01 08:26:06 INFO  GET /api/products 200 60 ms
2026-07-01 08:26:15 INFO  GET /health 200 67 ms
2026-07-01 08:26:24 INFO  GET /api/orders 200 74 ms
2026-07-01 08:26:33 INFO  POST /api/orders 201 81 ms
2026-07-01 08:26:42 INFO  GET /api/products 200 88 ms
2026-07-01 08:26:51 INFO  GET /health 200 95 ms
2026-07-01 08:27:00 INFO  GET /api/orders 200 12 ms
2026-07-01 08:27:09 INFO  POST /api/orders 201 19 ms
2026-07-01 08:27:18 INFO  GET /api/products 200 26 ms
2026-07-01 08:27:27 INFO  GET /health 200 33 ms
2026-07-01 08:27:36 INFO  GET /api/orders 200 40 ms
2026-07-01 08:27:45 INFO  POST /api/orders 201 47 ms
2026-07-01 08:27:54 INFO  GET /api/products 200 54 ms
2026-07-01 08:28:03 WARN  Slow query: GetOrders took 987 ms
2026-07-01 08:28:12 INFO  GET /api/orders 200 68 ms
2026-07-01 08:28:21 INFO  POST /api/orders 201 75 ms
2026-07-01 08:28:30 INFO  GET /api/products 200 82 ms
2026-07-01 08:28:39 INFO  GET /health 200 89 ms
2026-07-01 08:28:48 INFO  GET /api/orders 200 96 ms
2026-07-01 08:28:57 INFO  POST /api/orders 201 13 ms
2026-07-01 08:29:06 INFO  GET /api/products 200 20 ms
2026-07-01 08:29:15 INFO  GET /health 200 27 ms
2026-07-01 08:29:24 INFO  GET /api/orders 200 34 ms
2026-07-01 08:29:33 INFO  POST /api/orders 201 41 ms
2026-07-01 08:29:42 INFO  GET /api/products 200 48 ms
2026-07-01 08:29:51 INFO  GET /health 200 55 ms
2026-07-01 08:30:00 INFO  GET /api/orders 200 62 ms
2026-07-01 08:30:09 INFO  POST /api/orders 201 69 ms
2026-07-01 08:30:18 INFO  GET /api/products 200 76 ms
2026-07-01 08:30:27 INFO  GET /health 200 83 ms
2026-07-01 08:30:36 WARN  Slow query: GetOrders took 1004 ms
2026-07-01 08:30:45 INFO  POST /api/orders 201 97 ms
2026-07-01 08:30:54 INFO  GET /api/products 200 14 ms
2026-07-01 08:31:03 INFO  GET /health 200 21 ms
2026-07-01 08:31:12 INFO  GET /api/orders 200 28 ms
2026-07-01 08:31:21 INFO  POST /api/orders 201 35 ms
2026-07-01 08:31:30 INFO  GET /api/products 200 42 ms
2026-07-01 08:31:39 INFO  GET /health 200 49 ms
2026-07-01 08:31:48 ERROR Payment gateway timeout after 30000 ms (order ORD-10612)
2026-07-01 08:31:57 INFO  POST /api/orders 201 63 ms
2026-07-01 08:32:06 INFO  GET /api/products 200 70 ms
2026-07-01 08:32:15 INFO  GET /health 200 77 ms
2026-07-01 08:32:24 INFO  GET /api/orders 200 84 ms
2026-07-01 08:32:33 INFO  POST /api/orders 201 91 ms
2026-07-01 08:32:42 INFO  GET /api/products 200 98 ms
2026-07-01 08:32:51 INFO  GET /health 200 15 ms
2026-07-01 08:33:00 INFO  GET /api/orders 200 22 ms
2026-07-01 08:33:09 WARN  Slow query: GetOrders took 1021 ms
2026-07-01 08:33:18 INFO  GET /api/products 200 36 ms
2026-07-01 08:33:27 INFO  GET /health 200 43 ms
2026-07-01 08:33:36 INFO  GET /api/orders 200 50 ms
2026-07-01 08:33:45 INFO  POST /api/orders 201 57 ms
2026-07-01 08:33:54 INFO  GET /api/products 200 64 ms
2026-07-01 08:34:03 INFO  GET /health 200 71 ms
2026-07-01 08:34:12 INFO  GET /api/orders 200 78 ms
2026-07-01 08:34:21 INFO  POST /api/orders 201 85 ms
2026-07-01 08:34:30 INFO  GET /api/products 200 92 ms
2026-07-01 08:34:39 INFO  GET /health 200 99 ms
2026-07-01 08:34:48 INFO  GET /api/orders 200 16 ms
2026-07-01 08:34:57 INFO  POST /api/orders 201 23 ms
2026-07-01 08:35:06 INFO  GET /api/products 200 30 ms
2026-07-01 08:35:15 INFO  GET /health 200 37 ms
2026-07-01 08:35:24 INFO  GET /api/orders 200 44 ms
2026-07-01 08:35:33 INFO  POST /api/orders 201 51 ms
2026-07-01 08:35:42 WARN  Slow query: GetOrders took 1038 ms
2026-07-01 08:35:51 INFO  GET /health 200 65 ms
2026-07-01 08:36:00 INFO  GET /api/orders 200 72 ms
2026-07-01 08:36:09 INFO  POST /api/orders 201 79 ms
2026-07-01 08:36:18 INFO  GET /api/products 200 86 ms
2026-07-01 08:36:27 INFO  GET /health 200 93 ms
2026-07-01 08:36:36 INFO  GET /api/orders 200 100 ms
2026-07-01 08:36:45 INFO  POST /api/orders 201 17 ms
2026-07-01 08:36:54 INFO  GET /api/products 200 24 ms
2026-07-01 08:37:03 INFO  GET /health 200 31 ms
2026-07-01 08:37:12 INFO  GET /api/orders 200 38 ms
2026-07-01 08:37:21 INFO  POST /api/orders 201 45 ms
2026-07-01 08:37:30 INFO  GET /api/products 200 52 ms
2026-07-01 08:37:39 INFO  GET /health 200 59 ms
2026-07-01 08:37:48 INFO  GET /api/orders 200 66 ms
2026-07-01 08:37:57 INFO  POST /api/orders 201 73 ms
2026-07-01 08:38:06 INFO  GET /api/products 200 80 ms
2026-07-01 08:38:15 WARN  Slow query: GetOrders took 1055 ms
2026-07-01 08:38:24 INFO  GET /api/orders 200 94 ms
2026-07-01 08:38:33 INFO  POST /api/orders 201 101 ms
2026-07-01 08:38:42 INFO  GET /api/products 200 18 ms
2026-07-01 08:38:51 INFO  GET /health 200 25 ms
2026-07-01 08:39:00 INFO  GET /api/orders 200 32 ms
2026-07-01 08:39:09 INFO  POST /api/orders 201 39 ms
2026-07-01 08:39:18 INFO  GET /api/products 200 46 ms
2026-07-01 08:39:27 INFO  GET /health 200 53 ms
2026-07-01 08:39:36 INFO  GET /api/orders 200 60 ms
2026-07-01 08:39:45 ERROR Payment gateway timeout after 30000 ms (order ORD-10665)
2026-07-01 08:39:54 INFO  GET /api/products 200 74 ms
2026-07-01 08:40:03 INFO  GET /health 200 81 ms
2026-07-01 08:40:12 INFO  GET /api/orders 200 88 ms
2026-07-01 08:40:21 INFO  POST /api/orders 201 95 ms
2026-07-01 08:40:30 INFO  GET /api/products 200 12 ms
2026-07-01 08:40:39 INFO  GET /health 200 19 ms
2026-07-01 08:40:48 WARN  Slow query: GetOrders took 1072 ms
2026-07-01 08:40:57 INFO  POST /api/orders 201 33 ms
2026-07-01 08:41:06 INFO  GET /api/products 200 40 ms
2026-07-01 08:41:15 INFO  GET /health 200 47 ms
2026-07-01 08:41:24 INFO  GET /api/orders 200 54 ms
2026-07-01 08:41:33 INFO  POST /api/orders 201 61 ms
2026-07-01 08:41:42 INFO  GET /api/products 200 68 ms
2026-07-01 08:41:51 INFO  GET /health 200 75 ms
2026-07-01 08:42:00 INFO  GET /api/orders 200 82 ms
2026-07-01 08:42:09 INFO  POST /api/orders 201 89 ms
2026-07-01 08:42:18 INFO  GET /api/products 200 96 ms
2026-07-01 08:42:27 INFO  GET /health 200 13 ms
2026-07-01 08:42:36 INFO  GET /api/orders 200 20 ms
2026-07-01 08:42:45 INFO  POST /api/orders 201 27 ms
2026-07-01 08:42:54 INFO  GET /api/products 200 34 ms
2026-07-01 08:43:03 INFO  GET /health 200 41 ms
2026-07-01 08:43:12 INFO  GET /api/orders 200 48 ms
2026-07-01 08:43:21 WARN  Slow query: GetOrders took 1089 ms
2026-07-01 08:43:30 INFO  GET /api/products 200 62 ms
2026-07-01 08:43:39 INFO  GET /health 200 69 ms
2026-07-01 08:43:48 INFO  GET /api/orders 200 76 ms
2026-07-01 08:43:57 INFO  POST /api/orders 201 83 ms
2026-07-01 08:44:06 INFO  GET /api/products 200 90 ms
2026-07-01 08:44:15 INFO  GET /health 200 97 ms
2026-07-01 08:44:24 INFO  GET /api/orders 200 14 ms
2026-07-01 08:44:33 INFO  POST /api/orders 201 21 ms
2026-07-01 08:44:42 INFO  GET /api/products 200 28 ms
2026-07-01 08:44:51 INFO  GET /health 200 35 ms
2026-07-01 08:45:00 INFO  GET /api/orders 200 42 ms
2026-07-01 08:45:09 INFO  POST /api/orders 201 49 ms
2026-07-01 08:45:18 INFO  GET /api/products 200 56 ms
2026-07-01 08:45:27 INFO  GET /health 200 63 ms
2026-07-01 08:45:36 INFO  GET /api/orders 200 70 ms
2026-07-01 08:45:45 INFO  POST /api/orders 201 77 ms
2026-07-01 08:45:54 WARN  Slow query: GetOrders took 1106 ms
2026-07-01 08:46:03 INFO  GET /health 200 91 ms
2026-07-01 08:46:12 INFO  GET /api/orders 200 98 ms
2026-07-01 08:46:21 INFO  POST /api/orders 201 15 ms
2026-07-01 08:46:30 INFO  GET /api/products 200 22 ms
2026-07-01 08:46:39 INFO  GET /health 200 29 ms
2026-07-01 08:46:48 INFO  GET /api/orders 200 36 ms
2026-07-01 08:46:57 INFO  POST /api/orders 201 43 ms
2026-07-01 08:47:06 INFO  GET /api/products 200 50 ms
2026-07-01 08:47:15 INFO  GET /health 200 57 ms
2026-07-01 08:47:24 INFO  GET /api/orders 200 64 ms
2026-07-01 08:47:33 INFO  POST /api/orders 201 71 ms
2026-07-01 08:47:42 ERROR Payment gateway timeout after 30000 ms (order ORD-10718)
2026-07-01 08:47:51 INFO  GET /health 200 85 ms
2026-07-01 08:48:00 INFO  GET /api/orders 200 92 ms
2026-07-01 08:48:09 INFO  POST /api/orders 201 99 ms
2026-07-01 08:48:18 INFO  GET /api/products 200 16 ms
2026-07-01 08:48:27 WARN  Slow query: GetOrders took 1123 ms
2026-07-01 08:48:36 INFO  GET /api/orders 200 30 ms
2026-07-01 08:48:45 INFO  POST /api/orders 201 37 ms
2026-07-01 08:48:54 INFO  GET /api/products 200 44 ms
2026-07-01 08:49:03 INFO  GET /health 200 51 ms
2026-07-01 08:49:12 INFO  GET /api/orders 200 58 ms
2026-07-01 08:49:21 INFO  POST /api/orders 201 65 ms
2026-07-01 08:49:30 INFO  GET /api/products 200 72 ms
2026-07-01 08:49:39 INFO  GET /health 200 79 ms
2026-07-01 08:49:48 INFO  GET /api/orders 200 86 ms
2026-07-01 08:49:57 INFO  POST /api/orders 201 93 ms
2026-07-01 08:50:06 INFO  GET /api/products 200 100 ms
2026-07-01 08:50:15 INFO  GET /health 200 17 ms
2026-07-01 08:50:24 INFO  GET /api/orders 200 24 ms
2026-07-01 08:50:33 INFO  POST /api/orders 201 31 ms
2026-07-01 08:50:42 INFO  GET /api/products 200 38 ms
2026-07-01 08:50:51 INFO  GET /health 200 45 ms
2026-07-01 08:51:00 WARN  Slow query: GetOrders took 1140 ms
2026-07-01 08:51:09 INFO  POST /api/orders 201 59 ms
2026-07-01 08:51:18 INFO  GET /api/products 200 66 ms
2026-07-01 08:51:27 INFO  GET /health 200 73 ms
2026-07-01 08:51:36 INFO  GET /api/orders 200 80 ms
2026-07-01 08:51:45 INFO  POST /api/orders 201 87 ms
2026-07-01 08:51:54 INFO  GET /api/products 200 94 ms
2026-07-01 08:52:03 INFO  GET /health 200 101 ms
2026-07-01 08:52:12 INFO  GET /api/orders 200 18 ms
2026-07-01 08:52:21 INFO  POST /api/orders 201 25 ms
2026-07-01 08:52:30 INFO  GET /api/products 200 32 ms
2026-07-01 08:52:39 INFO  GET /health 200 39 ms
2026-07-01 08:52:48 INFO  GET /api/orders 200 46 ms
2026-07-01 08:52:57 INFO  POST /api/orders 201 53 ms
2026-07-01 08:53:06 INFO  GET /api/products 200 60 ms
2026-07-01 08:53:15 INFO  GET /health 200 67 ms
2026-07-01 08:53:24 INFO  GET /api/orders 200 74 ms
2026-07-01 08:53:33 WARN  Slow query: GetOrders took 1157 ms
2026-07-01 08:53:42 INFO  GET /api/products 200 88 ms
2026-07-01 08:53:51 INFO  GET /health 200 95 ms
2026-07-01 08:54:00 INFO  GET /api/orders 200 12 ms
2026-07-01 08:54:09 INFO  POST /api/orders 201 19 ms
2026-07-01 08:54:18 INFO  GET /api/products 200 26 ms
2026-07-01 08:54:27 INFO  GET /health 200 33 ms
2026-07-01 08:54:36 INFO  GET /api/orders 200 40 ms
2026-07-01 08:54:45 INFO  POST /api/orders 201 47 ms
2026-07-01 08:54:54 INFO  GET /api/products 200 54 ms
2026-07-01 08:55:03 INFO  GET /health 200 61 ms
2026-07-01 08:55:12 INFO  GET /api/orders 200 68 ms
2026-07-01 08:55:21 INFO  POST /api/orders 201 75 ms
2026-07-01 08:55:30 INFO  GET /api/products 200 82 ms
2026-07-01 08:55:39 ERROR Payment gateway timeout after 30000 ms (order ORD-10771)
2026-07-01 08:55:48 INFO  GET /api/orders 200 96 ms
2026-07-01 08:55:57 INFO  POST /api/orders 201 13 ms
2026-07-01 08:56:06 WARN  Slow query: GetOrders took 1174 ms
2026-07-01 08:56:15 INFO  GET /health 200 27 ms
2026-07-01 08:56:24 INFO  GET /api/orders 200 34 ms
2026-07-01 08:56:33 INFO  POST /api/orders 201 41 ms
2026-07-01 08:56:42 INFO  GET /api/products 200 48 ms
2026-07-01 08:56:51 INFO  GET /health 200 55 ms
2026-07-01 08:57:00 INFO  GET /api/orders 200 62 ms
2026-07-01 08:57:09 INFO  POST /api/orders 201 69 ms
2026-07-01 08:57:18 INFO  GET /api/products 200 76 ms
2026-07-01 08:57:27 INFO  GET /health 200 83 ms
2026-07-01 08:57:36 INFO  GET /api/orders 200 90 ms
2026-07-01 08:57:45 INFO  POST /api/orders 201 97 ms
2026-07-01 08:57:54 INFO  GET /api/products 200 14 ms
2026-07-01 08:58:03 INFO  GET /health 200 21 ms
2026-07-01 08:58:12 INFO  GET /api/orders 200 28 ms
2026-07-01 08:58:21 INFO  POST /api/orders 201 35 ms
2026-07-01 08:58:30 INFO  GET /api/products 200 42 ms
2026-07-01 08:58:39 WARN  Slow query: GetOrders took 1191 ms
2026-07-01 08:58:48 INFO  GET /api/orders 200 56 ms
2026-07-01 08:58:57 INFO  POST /api/orders 201 63 ms
2026-07-01 08:59:06 INFO  GET /api/products 200 70 ms
2026-07-01 08:59:15 INFO  GET /health 200 77 ms
2026-07-01 08:59:24 INFO  GET /api/orders 200 84 ms
2026-07-01 08:59:33 INFO  POST /api/orders 201 91 ms
2026-07-01 08:59:42 INFO  GET /api/products 200 98 ms
2026-07-01 08:59:51 INFO  GET /health 200 15 ms
